[dotenv@17.2.3] injecting env (3) from .env -- tip: ΓÜÖ∩╕Å  specify custom .env file path with { path: '/custom/path/.env' }


  Polaris FHE Protocol
    1) "before all" hook in "Polaris FHE Protocol"


  0 passing (62ms)
  1 failing

  1) Polaris FHE Protocol
       "before all" hook in "Polaris FHE Protocol":
     Error: incorrect number of arguments to constructor
      at ContractFactory.getDeployTransaction (node_modules\ethers\src.ts\contract\factory.ts:87:19)
      at ContractFactory.deploy (node_modules\ethers\src.ts\contract\factory.ts:105:31)
      at deployFixture (file:///D:/Project/sepolia/polaris-protocol/test/FHE_Polaris.ts:43:34)
      at Context.<anonymous> (file:///D:/Project/sepolia/polaris-protocol/test/FHE_Polaris.ts:73:25)



